\BOOKMARK [1][-]{section.1}{\376\377\000I\000n\000t\000r\000o\000d\000u\000c\000t\000i\000o\000n}{}% 1
\BOOKMARK [1][-]{section.2}{\376\377\000B\000r\000o\000w\000n\000i\000a\000n\000\040\000M\000o\000t\000i\000o\000n\000\040\000a\000n\000d\000\040\000C\000o\000l\000l\000o\000i\000d\000a\000l\000\040\000D\000i\000f\000f\000u\000s\000i\000o\000n}{}% 2
\BOOKMARK [2][-]{subsection.2.1}{\376\377\000T\000h\000e\000\040\000L\000a\000n\000g\000e\000v\000i\000n\000\040\000E\000q\000u\000a\000t\000i\000o\000n}{section.2}% 3
\BOOKMARK [2][-]{subsection.2.2}{\376\377\000O\000v\000e\000r\000d\000a\000m\000p\000e\000d\000\040\000L\000i\000m\000i\000t\000:\000\040\000B\000r\000o\000w\000n\000i\000a\000n\000\040\000D\000y\000n\000a\000m\000i\000c\000s}{section.2}% 4
\BOOKMARK [1][-]{section.3}{\376\377\000C\000o\000l\000l\000o\000i\000d\000a\000l\000\040\000I\000n\000t\000e\000r\000a\000c\000t\000i\000o\000n\000s}{}% 5
\BOOKMARK [2][-]{subsection.3.1}{\376\377\000P\000a\000i\000r\000\040\000P\000o\000t\000e\000n\000t\000i\000a\000l\000s\000\040\000B\000e\000t\000w\000e\000e\000n\000\040\000C\000o\000l\000l\000o\000i\000d\000s}{section.3}% 6
\BOOKMARK [2][-]{subsection.3.2}{\376\377\000C\000h\000o\000i\000c\000e\000\040\000o\000f\000\040\000P\000o\000t\000e\000n\000t\000i\000a\000l\000\040\000f\000o\000r\000\040\000S\000i\000m\000u\000l\000a\000t\000i\000o\000n\000s}{section.3}% 7
\BOOKMARK [1][-]{section.4}{\376\377\000P\000h\000a\000s\000e\000\040\000S\000e\000p\000a\000r\000a\000t\000i\000o\000n\000\040\000i\000n\000\040\000C\000o\000l\000l\000o\000i\000d\000a\000l\000\040\000S\000u\000s\000p\000e\000n\000s\000i\000o\000n\000s}{}% 8
\BOOKMARK [2][-]{subsection.4.1}{\376\377\000P\000h\000a\000s\000e\000\040\000D\000i\000a\000g\000r\000a\000m\000\040\000a\000n\000d\000\040\000S\000p\000i\000n\000o\000d\000a\000l\000\040\000I\000n\000s\000t\000a\000b\000i\000l\000i\000t\000y}{section.4}% 9
\BOOKMARK [2][-]{subsection.4.2}{\376\377\000S\000p\000i\000n\000o\000d\000a\000l\000\040\000D\000e\000c\000o\000m\000p\000o\000s\000i\000t\000i\000o\000n\000:\000\040\000t\000h\000e\000\040\000C\000a\000h\000n\040\023\000H\000i\000l\000l\000i\000a\000r\000d\000\040\000T\000h\000e\000o\000r\000y}{section.4}% 10
\BOOKMARK [1][-]{section.5}{\376\377\000G\000e\000l\000a\000t\000i\000o\000n\000\040\000a\000s\000\040\000A\000r\000r\000e\000s\000t\000e\000d\000\040\000P\000h\000a\000s\000e\000\040\000S\000e\000p\000a\000r\000a\000t\000i\000o\000n}{}% 11
\BOOKMARK [2][-]{subsection.5.1}{\376\377\000G\000e\000n\000e\000r\000a\000l\000\040\000M\000e\000c\000h\000a\000n\000i\000s\000m}{section.5}% 12
\BOOKMARK [2][-]{subsection.5.2}{\376\377\000A\000g\000e\000i\000n\000g\000\040\000a\000n\000d\000\040\000N\000o\000n\000-\000E\000q\000u\000i\000l\000i\000b\000r\000i\000u\000m\000\040\000S\000t\000a\000t\000e\000s}{section.5}% 13
\BOOKMARK [1][-]{section.6}{\376\377\000S\000t\000r\000u\000c\000t\000u\000r\000e\000\040\000F\000a\000c\000t\000o\000r\000,\000\040\000C\000o\000a\000r\000s\000e\000n\000i\000n\000g\000\040\000a\000n\000d\000\040\000D\000y\000n\000a\000m\000i\000c\000\040\000S\000c\000a\000l\000i\000n\000g}{}% 14
\BOOKMARK [2][-]{subsection.6.1}{\376\377\000T\000i\000m\000e\000-\000D\000e\000p\000e\000n\000d\000e\000n\000t\000\040\000S\000t\000r\000u\000c\000t\000u\000r\000e\000\040\000F\000a\000c\000t\000o\000r}{section.6}% 15
\BOOKMARK [2][-]{subsection.6.2}{\376\377\000D\000i\000f\000f\000u\000s\000i\000v\000e\000\040\000C\000o\000a\000r\000s\000e\000n\000i\000n\000g\000\040\000a\000n\000d\000\040\000D\000y\000n\000a\000m\000i\000c\000\040\000S\000c\000a\000l\000i\000n\000g}{section.6}% 16
\BOOKMARK [1][-]{section.7}{\376\377\000N\000u\000m\000e\000r\000i\000c\000a\000l\000\040\000I\000m\000p\000l\000e\000m\000e\000n\000t\000a\000t\000i\000o\000n}{}% 17
\BOOKMARK [2][-]{subsection.7.1}{\376\377\000E\000u\000l\000e\000r\040\023\000M\000a\000r\000u\000y\000a\000m\000a\000\040\000S\000c\000h\000e\000m\000e}{section.7}% 18
\BOOKMARK [2][-]{subsection.7.2}{\376\377\000N\000u\000m\000e\000r\000i\000c\000a\000l\000\040\000C\000h\000a\000l\000l\000e\000n\000g\000e\000s\000\040\000a\000n\000d\000\040\000C\000o\000r\000r\000e\000c\000t\000i\000o\000n\000s}{section.7}% 19
\BOOKMARK [3][-]{subsubsection.7.2.1}{\376\377\000I\000n\000t\000e\000g\000r\000a\000t\000o\000r\000\040\000I\000n\000s\000t\000a\000b\000i\000l\000i\000t\000y}{subsection.7.2}% 20
\BOOKMARK [3][-]{subsubsection.7.2.2}{\376\377\000I\000n\000s\000u\000f\000f\000i\000c\000i\000e\000n\000t\000\040\000S\000i\000m\000u\000l\000a\000t\000i\000o\000n\000\040\000T\000i\000m\000e}{subsection.7.2}% 21
\BOOKMARK [3][-]{subsubsection.7.2.3}{\376\377\000U\000n\000p\000h\000y\000s\000i\000c\000a\000l\000\040\000R\000e\000f\000e\000r\000e\000n\000c\000e\000\040\000S\000t\000a\000t\000e}{subsection.7.2}% 22
\BOOKMARK [2][-]{subsection.7.3}{\376\377\000M\000S\000D\000\040\000a\000n\000d\000\040\000A\000g\000e\000i\000n\000g\000\040\000P\000r\000o\000t\000o\000c\000o\000l}{section.7}% 23
\BOOKMARK [2][-]{subsection.7.4}{\376\377\000S\000u\000m\000m\000a\000r\000y\000\040\000o\000f\000\040\000S\000i\000m\000u\000l\000a\000t\000i\000o\000n\000\040\000P\000a\000r\000a\000m\000e\000t\000e\000r\000s}{section.7}% 24
\BOOKMARK [1][-]{section.8}{\376\377\000R\000e\000s\000u\000l\000t\000s\000:\000\040\000P\000a\000r\000t\000i\000c\000l\000e\000\040\000C\000o\000n\000f\000i\000g\000u\000r\000a\000t\000i\000o\000n\000s}{}% 25
\BOOKMARK [1][-]{section.9}{\376\377\000R\000e\000s\000u\000l\000t\000s\000:\000\040\000S\000t\000r\000u\000c\000t\000u\000r\000e\000\040\000F\000a\000c\000t\000o\000r\000\040\000A\000n\000a\000l\000y\000s\000i\000s}{}% 26
\BOOKMARK [2][-]{subsection.9.1}{\376\377\000S\000\050\000k\000,\000t\000\051\000\040\000E\000v\000o\000l\000u\000t\000i\000o\000n}{section.9}% 27
\BOOKMARK [2][-]{subsection.9.2}{\376\377\000F\000i\000n\000a\000l\000\040\000S\000t\000r\000u\000c\000t\000u\000r\000e\000\040\000F\000a\000c\000t\000o\000r\000:\000\040\000G\000e\000l\000\040\000v\000s\000\040\000L\000i\000q\000u\000i\000d}{section.9}% 28
\BOOKMARK [2][-]{subsection.9.3}{\376\377\000P\000e\000a\000k\000\040\000W\000a\000v\000e\000v\000e\000c\000t\000o\000r\000\040\000k\000*\000\050\000t\000\051}{section.9}% 29
\BOOKMARK [2][-]{subsection.9.4}{\376\377\000P\000e\000a\000k\000\040\000A\000m\000p\000l\000i\000t\000u\000d\000e\000\040\000S\000\050\000k\000*\000,\000t\000\051}{section.9}% 30
\BOOKMARK [2][-]{subsection.9.5}{\376\377\000F\000i\000n\000a\000l\000\040\000P\000a\000r\000t\000i\000c\000l\000e\000\040\000C\000o\000n\000f\000i\000g\000u\000r\000a\000t\000i\000o\000n\000s\000:\000\040\000G\000e\000l\000\040\000v\000s\000\040\000L\000i\000q\000u\000i\000d}{section.9}% 31
\BOOKMARK [1][-]{section.10}{\376\377\000R\000e\000s\000u\000l\000t\000s\000:\000\040\000M\000S\000D\000\040\000a\000n\000d\000\040\000A\000g\000e\000i\000n\000g\000\040\000A\000n\000a\000l\000y\000s\000i\000s}{}% 32
\BOOKMARK [2][-]{subsection.10.1}{\376\377\000M\000S\000D\000\040\000o\000f\000\040\000t\000h\000e\000\040\000G\000e\000l}{section.10}% 33
\BOOKMARK [2][-]{subsection.10.2}{\376\377\000M\000S\000D\000\040\000o\000f\000\040\000t\000h\000e\000\040\000L\000i\000q\000u\000i\000d\000\040\000R\000e\000f\000e\000r\000e\000n\000c\000e}{section.10}% 34
\BOOKMARK [2][-]{subsection.10.3}{\376\377\000A\000g\000e\000i\000n\000g\000\040\000C\000o\000m\000p\000a\000r\000i\000s\000o\000n\000:\000\040\000G\000e\000l\000\040\000v\000s\000\040\000L\000i\000q\000u\000i\000d}{section.10}% 35
\BOOKMARK [1][-]{section.11}{\376\377\000L\000i\000m\000i\000t\000a\000t\000i\000o\000n\000s\000\040\000a\000n\000d\000\040\000P\000e\000r\000s\000p\000e\000c\000t\000i\000v\000e\000s}{}% 36
\BOOKMARK [1][-]{section.12}{\376\377\000C\000o\000n\000c\000l\000u\000s\000i\000o\000n}{}% 37
